

#     Characters 45-48:
  fun (obj : int) -> obj##p;;
                     ^^^
Error: This expression has type int but an expression was expected of type
         < .. > Js.t
#   Characters 25-28:
  fun (obj : < > Js.t) -> obj##p;;
                          ^^^
Error: This expression has type <  >
       It has no method p
#   Characters 53-59:
  fun (obj : < p : float Js.writeonly_prop > Js.t) -> obj##p + 1;;
                                                      ^^^^^^
Error: This expression has type
         float Js.writeonly_prop = < set : float -> unit > Js.gen_prop
       but an expression was expected of type
         < get : 'jsoo_res; .. > Js.gen_prop
       The first object type has no method get
#   Characters 43-49:
  fun (obj : < p : float Js.prop > Js.t) -> obj##p + 1;;
                                            ^^^^^^
Error: This expression has type float but an expression was expected of type
         int
# 
