(import "" "abcd" (global $s$string externref)) (import "" "abcd" (global $js$string$0$$string externref)) (import "" "\\\'\28\n" (global $js$string$1$$string externref)) (import "" "abcd" (global $js$string$2$$string externref)) (import "" "abcd" (global $js$string$3$$string externref)) (import "" "0" (global $js$string$4$$string externref)) (import "" "\n" (global $js$string$5$$string externref)) ;; conditional
              a is true                     
                                b is false  
              a is true  
                         

;; nested conditionals
                                                     a is true and b is false  
                                                                            

;; not
                                
                    b is false  

;; and
                  true  
                    a is true  
                               
                                        
                            a is true and b is false  
                                                      
                                                     

;; or
                        
                   a is true  
                              
                     a or b is true  
                           a is true or b is false  
                                                    
                                 a or b is false  

;; strings
                           newline  
                         quote  

;; string comparisons
                      c is 1  
                              
                                   
                       c is not 2  

;; version comparisons
                                                   
                                (4 1 1) = (4 1 1)  
                                                   
                                 (4 1 1) <> (4 1 0)  
                                                     
                                 (4 1 1) <> (4 1 2)  
                                                     
                                 (4 1 1) <= (4 1 1)  
                                 (4 1 1) <= (4 1 2)  
                                 (4 1 1) >= (4 1 0)  
                                 (4 1 1) >= (4 1 1)  
                                                     
                                (4 1 1) > (4 1 0)  
                                                   
                                                   

;; version comparisons: lexicographic order
                                                   
                                                   
                                (4 1 1) < (4 1 2)  
                                                   
                                (4 1 1) < (4 2 0)  
                                (4 1 1) < (5 0 1)  
                                                   

;; strings
(global $s (ref eq) (struct.new $string (any.convert_extern (global.get $s$string))))
(struct.new $string (any.convert_extern (global.get $js$string$0$$string)))
(struct.new $string (any.convert_extern (global.get $js$string$1$$string)))
                  (struct.new $string (any.convert_extern (global.get $js$string$2$$string)))  
                         (struct.new $string (any.convert_extern (global.get $js$string$3$$string)))  

;; chars
(struct.new $string (any.convert_extern (global.get $js$string$4$$string)))
(struct.new $string (any.convert_extern (global.get $js$string$5$$string)))

