Generic rank test: Ok
Scalar test: Ok
Rank-1 array test: Ok
Rank-2 array test: Ok
Rank-3 array test: Ok
