IN
peform E
OUT
handled E
IN
peform E
OUT
handled E
IN
done
OUT
