M1:
Before class
Class init
After class
M2:
Before class
Class init
After class
M3:
Before class
Class init
After class
Class param
Class param
M4:
Before class
After class
Class init
Class init
M5:
Before class
After class
Class init
Class init
