Test 1: passed
Test 2: passed
Test 3: passed
foo
Test 4: passed
