File 1: passed (no error)
File 2: passed (no error)
stdin: passed (no error)
stderr: passed (no error)
Closed file 1: passed (error raised)
Closed file 2: passed (error raised)
Test completed normally
