Rename to nonexisting file: passed
Rename to existing file: passed
Renaming a nonexisting file: fails as expected
Renaming to a nonexisting directory: fails as expected
