-- Strings:
""		00000000
"Hello world"	364b8272
-- Integers:
0		07be548a
-1		3653e015
42		1792870b
2^30-1		23c392d0
-2^30		0c66fde3
-- Floats:
+0.0		07be548a
-0.0		07be548a
+infty		23ea56fb
-infty		059f7872
NaN		23498e72
NaN#2		23498e72
NaN#3		23498e72
-- Native integers:
0		07be548a
-1		3653e015
42		1792870b
2^30-1		23c392d0
-2^30		0c66fde3
-- Lists:
[0..10]		0ade0fc9
[0..12]		0ade0fc9
[10..0]		0cd6259d
