0 17.00 -26.06
1 12.34 1.29
2 6.83 22.95
3 0.04 -1.26
4 2.30 12.54
5 2.93 14.35
6 21.27 -16.57
7 20.41 -19.04
