98a6d248b8d781e302522d18943d632b	some-random-file
98a6d248b8d781e302522d18943d632b	some-random-file
98a6d248b8d781e302522d18943d632b	some-random-file
fcdf6d9d92ef3fd857ae75ee36b30e48	some-random-file
b61a6d542f9036550ba9c401c80f00ef	-
b61a6d542f9036550ba9c401c80f00ef	-
cf30c4ad3850e515e283b3f4e9e3fa3f	-
