16-byte chunks
passed
256-byte chunks
passed
4096-byte chunks
passed
65536-byte chunks
passed
19-byte chunks
passed
263-byte chunks
passed
4011-byte chunks
passed
0...8192 byte chunks
passed
line per line, short lines
passed
line per line, short and long lines
passed
backwards, 4096-byte chunks
passed
backwards, 64-byte chunks
passed
