hello
plugin loaded
plugin 2a loaded
plugin 2b loaded
