Fatal error: exception Match_failure("compiler/tests-jsoo/bin/error2.ml", 11, 2)

