Fatal error: exception Dune__exe__Error1.D(2, "test", _)

